
> gestor-ativos@1.0.0 dev
> vite

Port 5173 is in use, trying another one...

  [32m[1mVITE[22m v8.1.5[39m  [2mready in [0m[1m2393[22m[2m[0m ms[22m

  [32m➜[39m  [1mLocal[22m:   [36mhttp://localhost:[1m5174[22m/[39m
[2m  [32m➜[39m  [1mNetwork[22m[2m: use [22m[1m--host[22m[2m to expose[22m
[2m[32m  ➜[39m[22m[2m  press [22m[1mh + enter[22m[2m to show help[22m
[2m21:56:50[22m [33m[1m[vite][22m[39m [33m[2m(client)[22m[39m [2m[console.warn] [22mBRAPI falhou, usando dados padrão: Error: API error: 404
    at fetchQuotes (http://localhost:5174/src/prices.ts:15:27)
    at async updatePrices (http://localhost:5174/src/prices.ts:52:19)
    at async http://localhost:5174/src/components/UpdateToast.tsx:26:21
[2m21:56:50[22m [33m[1m[vite][22m[39m [33m[2m(client)[22m[39m [2m[console.warn] [22mBRAPI falhou, usando dados padrão: Error: API error: 404
    at fetchQuotes (http://localhost:5174/src/prices.ts:15:27)
    at async updatePrices (http://localhost:5174/src/prices.ts:52:19)
    at async http://localhost:5174/src/components/UpdateToast.tsx:26:21
[2m21:56:51[22m [33m[1m[vite][22m[39m [33m[2m(client)[22m[39m [2m[console.warn] [22mBRAPI falhou, usando dados padrão: Error: API error: 404
    at fetchQuotes (http://localhost:5174/src/prices.ts:15:27)
    at async updatePrices (http://localhost:5174/src/prices.ts:52:19)
    at async http://localhost:5174/src/components/UpdateToast.tsx:26:21
[2m21:56:51[22m [33m[1m[vite][22m[39m [33m[2m(client)[22m[39m [2m[console.warn] [22mBRAPI falhou, usando dados padrão: Error: API error: 404
    at fetchQuotes (http://localhost:5174/src/prices.ts:15:27)
    at async updatePrices (http://localhost:5174/src/prices.ts:52:19)
    at async http://localhost:5174/src/components/UpdateToast.tsx:26:21
[2m22:00:46[22m [36m[1m[vite][22m[39m [90m[2m(client)[22m[39m [32mhmr update [39m[2m/src/components/AssetTable.tsx, /src/index.css[22m
[2m22:17:34[22m [36m[1m[vite][22m[39m [90m[2m(client)[22m[39m [32mhmr update [39m[2m/src/components/AssetTable.tsx, /src/index.css[22m
[2m22:21:41[22m [36m[1m[vite][22m[39m [90m[2m(client)[22m[39m [32mhmr update [39m[2m/src/components/AssetTable.tsx, /src/index.css[22m
[2m22:21:49[22m [36m[1m[vite][22m[39m [90m[2m(client)[22m[39m [32mhmr update [39m[2m/src/components/AssetTable.tsx, /src/index.css[22m
[2m22:22:15[22m [36m[1m[vite][22m[39m [90m[2m(client)[22m[39m [32mhmr update [39m[2m/src/components/AssetTable.tsx, /src/index.css[22m
[2m22:22:30[22m [36m[1m[vite][22m[39m [90m[2m(client)[22m[39m [32mhmr update [39m[2m/src/components/AssetTable.tsx, /src/index.css[22m
[2m22:24:58[22m [36m[1m[vite][22m[39m [90m[2m(client)[22m[39m [32mhmr update [39m[2m/src/components/AssetTable.tsx, /src/index.css[22m
[2m22:25:18[22m [36m[1m[vite][22m[39m [90m[2m(client)[22m[39m [32mhmr update [39m[2m/src/components/AssetTable.tsx, /src/index.css[22m
[2m22:30:06[22m [36m[1m[vite][22m[39m [90m[2m(client)[22m[39m [32mhmr update [39m[2m/src/components/AssetDialog.tsx, /src/index.css[22m
[2m22:33:29[22m [36m[1m[vite][22m[39m [90m[2m(client)[22m[39m [32mhmr update [39m[2m/src/components/AssetDialog.tsx, /src/index.css[22m
[2m22:34:29[22m [36m[1m[vite][22m[39m [90m[2m(client)[22m[39m [32mhmr update [39m[2m/src/components/AssetDialog.tsx, /src/index.css[22m
[2m22:36:51[22m [36m[1m[vite][22m[39m [90m[2m(client)[22m[39m [32mhmr update [39m[2m/src/components/AssetDialog.tsx, /src/index.css[22m
[2m23:09:27[22m [36m[1m[vite][22m[39m [90m[2m(client)[22m[39m [32mhmr update [39m[2m/src/components/AssetDialog.tsx, /src/index.css[22m
[2m23:10:15[22m [36m[1m[vite][22m[39m [90m[2m(client)[22m[39m [32mhmr update [39m[2m/src/components/AssetDialog.tsx, /src/index.css[22m
[2m23:10:15[22m [31m[1m[vite][22m[39m [31mInternal server error: Transform failed with 1 error:

[31m[PARSE_ERROR] [0mUnexpected token. Did you mean `{'}'}` or `&rbrace;`?
     [38;5;246m╭[0m[38;5;246m─[0m[38;5;246m[[0m src/components/AssetDialog.tsx:248:1 [38;5;246m][0m
     [38;5;246m│[0m
 [38;5;246m248 │[0m [38;5;249m}[0m
 [38;5;240m    │[0m │ 
 [38;5;240m    │[0m ╰─ 
[38;5;246m─────╯[0m
[39m
  Plugin: [35mvite:oxc[39m
  File: [36mC:/Users/Ramon Castro/Documents/Default Project/gestor-ativos/src/components/AssetDialog.tsx[39m
      at transformWithOxc (file:///C:/Users/Ramon%20Castro/Documents/Default%20Project/gestor-ativos/node_modules/vite/dist/node/chunks/node.js:4033:19)
      at TransformPluginContext.transform (file:///C:/Users/Ramon%20Castro/Documents/Default%20Project/gestor-ativos/node_modules/vite/dist/node/chunks/node.js:4104:26)
      at EnvironmentPluginContainer.transform (file:///C:/Users/Ramon%20Castro/Documents/Default%20Project/gestor-ativos/node_modules/vite/dist/node/chunks/node.js:30201:51)
      at async loadAndTransform (file:///C:/Users/Ramon%20Castro/Documents/Default%20Project/gestor-ativos/node_modules/vite/dist/node/chunks/node.js:20124:26)
      at async viteTransformMiddleware (file:///C:/Users/Ramon%20Castro/Documents/Default%20Project/gestor-ativos/node_modules/vite/dist/node/chunks/node.js:24604:20)
[2m23:10:16[22m [31m[1m[vite][22m[39m [31m[2m(client)[22m[39m [2m[console.error] [22m[vite] Failed to reload /src/components/AssetDialog.tsx. This could be due to syntax errors or importing non-existent modules. (see errors above)
[2m23:10:29[22m [36m[1m[vite][22m[39m [90m[2m(client)[22m[39m [32mhmr update [39m[2m/src/components/AssetDialog.tsx, /src/index.css[22m
[2m23:14:59[22m [36m[1m[vite][22m[39m [90m[2m(client)[22m[39m [32mhmr update [39m[2m/src/index.css, /src/App.tsx, /src/components/ContributionDialog.tsx, /src/components/ContributionTable.tsx, /src/components/ContributionImport.tsx, /src/components/TradeDialog.tsx, /src/components/AssetTable.tsx, /src/components/PlanningPage.tsx, /src/components/TradeTable.tsx, /src/components/CSVImport.tsx, /src/components/AssetDialog.tsx, /src/components/DividendTable.tsx, /src/components/DividendImport.tsx, /src/components/DividendDialog.tsx, /src/components/TradeImport.tsx and 8 more[22m
[2m23:17:06[22m [36m[1m[vite][22m[39m [90m[2m(client)[22m[39m [32mhmr update [39m[2m/src/App.tsx, /src/index.css[22m
[2m23:17:21[22m [36m[1m[vite][22m[39m [90m[2m(client)[22m[39m [32mhmr update [39m[2m/src/App.tsx, /src/index.css[22m
[2m23:37:25[22m [36m[1m[vite][22m[39m [90m[2m(client)[22m[39m [32mhmr update [39m[2m/src/components/AssetDialog.tsx, /src/index.css[22m
[2m23:37:25[22m [36m[1m[vite][22m[39m [90m[2m(client)[22m[39m [32mhmr update [39m[2m/src/components/AssetDialog.tsx, /src/index.css[22m
[2m23:37:48[22m [36m[1m[vite][22m[39m [90m[2m(client)[22m[39m [32mhmr update [39m[2m/src/components/AssetDialog.tsx, /src/index.css[22m
[2m23:38:10[22m [36m[1m[vite][22m[39m [90m[2m(client)[22m[39m [32mhmr update [39m[2m/src/components/AssetDialog.tsx, /src/index.css[22m
[2m23:38:24[22m [36m[1m[vite][22m[39m [90m[2m(client)[22m[39m [32mhmr update [39m[2m/src/components/AssetDialog.tsx, /src/index.css[22m
[2m23:39:17[22m [36m[1m[vite][22m[39m [90m[2m(client)[22m[39m [32mhmr update [39m[2m/src/components/AssetDialog.tsx, /src/index.css[22m
[2m00:07:38[22m [36m[1m[vite][22m[39m [90m[2m(client)[22m[39m [32mhmr update [39m[2m/src/components/AssetDialog.tsx, /src/index.css[22m
[2m00:07:38[22m [36m[1m[vite][22m[39m [90m[2m(client)[22m[39m [32mhmr update [39m[2m/src/components/AssetDialog.tsx, /src/index.css[22m
[2m00:09:08[22m [36m[1m[vite][22m[39m [90m[2m(client)[22m[39m [32mhmr update [39m[2m/src/components/AssetDialog.tsx, /src/index.css[22m
[2m00:11:02[22m [36m[1m[vite][22m[39m [90m[2m(client)[22m[39m [32mhmr update [39m[2m/src/App.tsx, /src/index.css[22m
[2m00:11:49[22m [36m[1m[vite][22m[39m [90m[2m(client)[22m[39m [32mhmr update [39m[2m/src/App.tsx, /src/index.css[22m
[2m00:15:18[22m [36m[1m[vite][22m[39m [90m[2m(client)[22m[39m [32mhmr update [39m[2m/src/App.tsx, /src/index.css[22m
[2m00:39:30[22m [36m[1m[vite][22m[39m [90m[2m(client)[22m[39m [32mhmr update [39m[2m/src/components/AssetDialog.tsx, /src/index.css[22m
[2m00:39:30[22m [36m[1m[vite][22m[39m [90m[2m(client)[22m[39m [32mhmr update [39m[2m/src/components/AssetDialog.tsx, /src/index.css[22m
[2m00:39:44[22m [36m[1m[vite][22m[39m [90m[2m(client)[22m[39m [32mhmr update [39m[2m/src/components/AssetDialog.tsx, /src/index.css[22m
[2m00:40:02[22m [36m[1m[vite][22m[39m [90m[2m(client)[22m[39m [32mhmr update [39m[2m/src/components/AssetDialog.tsx, /src/index.css[22m
[2m00:40:21[22m [36m[1m[vite][22m[39m [90m[2m(client)[22m[39m [32mhmr update [39m[2m/src/components/AssetDialog.tsx, /src/index.css[22m
[2m00:40:30[22m [36m[1m[vite][22m[39m [90m[2m(client)[22m[39m [32mhmr update [39m[2m/src/components/AssetDialog.tsx, /src/index.css[22m
^C